// Jest Snapshot v1, https://goo.gl/fbAQLP

exports[`renders Loading correctly 1`] = `
<View
  style={
    {
      "backgroundColor": "white",
      "flex": 1,
      "height": 750,
      "width": 750,
    }
  }
>
  <View
    style={
      {
        "backgroundColor": "white",
        "height": 70,
      }
    }
    testID="header"
  >
    <View
      style={
        {
          "alignItems": "center",
          "flex": 1,
          "flexDirection": "row",
          "justifyContent": "space-between",
          "paddingLeft": "5%",
          "paddingRight": "5%",
        }
      }
    >
      <View
        style={
          {
            "flex": 1,
          }
        }
      >
        <View
          accessible={true}
          collapsable={false}
          focusable={true}
          onClick={[Function]}
          onResponderGrant={[Function]}
          onResponderMove={[Function]}
          onResponderRelease={[Function]}
          onResponderTerminate={[Function]}
          onResponderTerminationRequest={[Function]}
          onStartShouldSetResponder={[Function]}
          style={
            {
              "opacity": 1,
            }
          }
          testID="back-button"
        >
          <Text
            style={
              [
                {
                  "color": "#000000",
                  "fontFamily": "System",
                  "fontWeight": "400",
                },
                {
                  "textAlign": "left",
                },
                [
                  {
                    "textAlign": "left",
                  },
                  {
                    "color": "rgba(0, 0, 0, 0.87)",
                    "fontFamily": "System",
                    "fontWeight": "400",
                    "writingDirection": "ltr",
                  },
                  [
                    {
                      "fontSize": 16,
                      "letterSpacing": 0.5,
                      "lineHeight": 24,
                      "marginVertical": 2,
                    },
                    {
                      "letterSpacing": 1.5,
                    },
                  ],
                ],
              ]
            }
          >
            Back
          </Text>
        </View>
      </View>
      <View
        style={
          {
            "flex": 3,
          }
        }
      >
        <Text
          style={
            {
              "fontSize": 20,
              "letterSpacing": 1.5,
              "textAlign": "center",
            }
          }
        >
          PokeDex
        </Text>
      </View>
      <View
        style={
          {
            "flex": 1,
          }
        }
      />
    </View>
  </View>
  <View
    style={
      {
        "flex": 1,
      }
    }
  >
    <View
      style={
        {
          "flex": 1,
        }
      }
    />
  </View>
</View>
`;
