// Jest Snapshot v1, https://goo.gl/fbAQLP

exports[`testing custom input Should render DateInput 1`] = `
<View
  style={
    [
      {
        "alignSelf": "center",
        "flexDirection": "column",
        "justifyContent": "center",
        "width": "90%",
      },
    ]
  }
  testID="dateInputParent"
>
  <View
    accessible={true}
    collapsable={false}
    focusable={true}
    onClick={[Function]}
    onResponderGrant={[Function]}
    onResponderMove={[Function]}
    onResponderRelease={[Function]}
    onResponderTerminate={[Function]}
    onResponderTerminationRequest={[Function]}
    onStartShouldSetResponder={[Function]}
    style={
      {
        "borderRadius": 5,
        "borderWidth": 1,
        "opacity": 1,
        "padding": 10,
      }
    }
  >
    <Text
      style={
        [
          {
            "color": "#000000",
            "fontFamily": "System",
            "fontWeight": "400",
          },
          {
            "textAlign": "left",
          },
          [
            {
              "textAlign": "left",
            },
            {
              "color": "rgba(0, 0, 0, 0.87)",
              "fontFamily": "System",
              "fontWeight": "400",
              "writingDirection": "ltr",
            },
            [
              {
                "fontSize": 14,
                "letterSpacing": 0.25,
                "lineHeight": 20,
                "marginVertical": 2,
              },
              {
                "letterSpacing": 1.5,
              },
            ],
          ],
        ]
      }
    >
      BirthDay :
    </Text>
    <Text
      style={
        [
          {
            "color": "#000000",
            "fontFamily": "System",
            "fontWeight": "400",
          },
          {
            "textAlign": "left",
          },
          [
            {
              "textAlign": "left",
            },
            {
              "color": "rgba(0, 0, 0, 0.87)",
              "fontFamily": "System",
              "fontWeight": "400",
              "writingDirection": "ltr",
            },
            [
              {
                "fontSize": 16,
                "letterSpacing": 0.5,
                "lineHeight": 24,
                "marginVertical": 2,
              },
              {
                "letterSpacing": 1.5,
              },
            ],
          ],
        ]
      }
    >
      Sat Nov 12 2022
    </Text>
  </View>
</View>
`;
